
Algorithm: demir, Task: smacv2/protoss_5_vs_5

Loaded config:

experiment:
  sampling_device: cpu
  train_device: cuda
  buffer_device: cpu
  share_policy_params: true
  prefer_continuous_actions: true
  collect_with_grad: false
  parallel_collection: false
  gamma: 0.99
  lr: 0.001
  adam_eps: 1.0e-06
  adam_extra_kwargs: {}
  clip_grad_norm: true
  clip_grad_val: 5.0
  soft_target_update: false
  polyak_tau: 0.005
  hard_target_update_frequency: 200
  exploration_eps_init: 1.0
  exploration_eps_end: 0.05
  exploration_anneal_frames: 100000
  max_n_iters: null
  max_n_frames: 10050000
  on_policy_collected_frames_per_batch: 6000
  on_policy_n_envs_per_worker: 10
  on_policy_n_minibatch_iters: 45
  on_policy_minibatch_size: 400
  off_policy_collected_frames_per_batch: 2000
  off_policy_n_envs_per_worker: 4
  off_policy_n_optimizer_steps: 100
  off_policy_train_batch_size: 128
  off_policy_memory_size: 5000
  off_policy_init_random_frames: 0
  off_policy_use_prioritized_replay_buffer: false
  off_policy_prb_alpha: 0.6
  off_policy_prb_beta: 0.4
  evaluation: true
  render: false
  evaluation_interval: 2000
  evaluation_episodes: 20
  evaluation_deterministic_actions: true
  evaluation_static: false
  loggers:
  - csv
  - wandb
  project_name: kod_zrodlowy_demir
  wandb_extra_kwargs: {}
  create_json: true
  save_folder: null
  restore_file: null
  restore_map_location: null
  checkpoint_interval: 60000
  checkpoint_at_end: true
  keep_checkpoints_num: 3
  exclude_buffer_from_checkpoint: false
algorithm:
  mixing_embed_dim: 32
  delay_value: true
  loss_function: l2
  td_lambda: 0.4
  use_intrinsic_rewards: true
  emb_dim_state: 64
  emb_dim_action: 16
  emb_dim_reward: 8
  alpha: 0.5
  beta1: 0.0
  beta2: 1.0
  k: 10
  sigma: 0.5
  n_efm: 10000
  n_edm: 5000
  demir_scale: 0.05
  encoder_type: idm
  rnd_scale: 0.0
  rnd_embed_dim: 64
  rnd_hidden_dim: 256
  rnd_lr: 0.0001
  ngu_scale: 0.0
  ngu_embed_dim: 64
  ngu_hidden_dim: 256
  ngu_k: 10
  ngu_L: 5.0
  ngu_epsilon: 0.001
  ngu_n_episodic: 10000
  ngu_lr: 0.0001
task:
  continuing_episode: false
  difficulty: '7'
  game_version: null
  map_name: 10gen_protoss
  move_amount: 2
  obs_all_health: true
  obs_instead_of_state: false
  obs_last_action: false
  obs_own_health: true
  obs_pathing_grid: false
  obs_terrain_height: false
  obs_timestep_number: false
  reward_death_value: 10
  reward_defeat: 0
  reward_negative_scale: 0.5
  reward_only_positive: true
  reward_scale: true
  reward_scale_rate: 20
  reward_sparse: false
  reward_win: 200
  replay_dir: ''
  replay_prefix: ''
  conic_fov: false
  use_unit_ranges: true
  min_attack_range: 2
  obs_own_pos: true
  num_fov_actions: 12
  capability_config:
    n_units: 5
    n_enemies: 5
    team_gen:
      dist_type: weighted_teams
      unit_types:
      - stalker
      - zealot
      - colossus
      weights:
      - 0.45
      - 0.45
      - 0.1
      observe: true
    start_positions:
      dist_type: surrounded_and_reflect
      p: 0.5
      map_x: 32
      map_y: 32
  state_last_action: true
  state_timestep_number: false
  step_mul: 8
  heuristic_ai: false
  debug: false
  prob_obs_enemy: 1.0
  action_mask: true
model:
  name: gru
  hidden_size: 128
  n_layers: 1
  bias: true
  dropout: 0
  compile: false
  mlp_num_cells:
  - 256
  - 256
  mlp_layer_class: torch.nn.Linear
  mlp_activation_class: torch.nn.Tanh
  mlp_activation_kwargs: null
  mlp_norm_class: null
  mlp_norm_kwargs: null
critic_model:
  name: gru
  hidden_size: 128
  n_layers: 1
  bias: true
  dropout: 0
  compile: false
  mlp_num_cells:
  - 256
  - 256
  mlp_layer_class: torch.nn.Linear
  mlp_activation_class: torch.nn.Tanh
  mlp_activation_kwargs: null
  mlp_norm_class: null
  mlp_norm_kwargs: null
seed: 100

/home/kajetan/Documents/inzynierka_kod_zrodlowy/benchmarl/environments/common.py:41: UserWarning: TaskConfig python dataclass not found, task is being loaded without type checks
  warnings.warn(
/home/kajetan/Documents/inzynierka_kod_zrodlowy/.venv/lib/python3.12/site-packages/google/protobuf/internal/well_known_types.py:91: DeprecationWarning: datetime.datetime.utcfromtimestamp() is deprecated and scheduled for removal in a future version. Use timezone-aware objects to represent datetimes in UTC: datetime.datetime.fromtimestamp(timestamp, datetime.UTC).
  _EPOCH_DATETIME_NAIVE = datetime.datetime.utcfromtimestamp(0)
/home/kajetan/Documents/inzynierka_kod_zrodlowy/.venv/lib/python3.12/site-packages/s2clientprotocol/common_pb2.py:19: DeprecationWarning: Call to deprecated create function FileDescriptor(). Note: Create unlinked descriptors is going to go away. Please use get/find descriptors from generated code or query the descriptor_pool.
  DESCRIPTOR = _descriptor.FileDescriptor(
/home/kajetan/Documents/inzynierka_kod_zrodlowy/.venv/lib/python3.12/site-packages/s2clientprotocol/common_pb2.py:32: DeprecationWarning: Call to deprecated create function EnumValueDescriptor(). Note: Create unlinked descriptors is going to go away. Please use get/find descriptors from generated code or query the descriptor_pool.
  _descriptor.EnumValueDescriptor(
/home/kajetan/Documents/inzynierka_kod_zrodlowy/.venv/lib/python3.12/site-packages/s2clientprotocol/common_pb2.py:26: DeprecationWarning: Call to deprecated create function EnumDescriptor(). Note: Create unlinked descriptors is going to go away. Please use get/find descriptors from generated code or query the descriptor_pool.
  _RACE = _descriptor.EnumDescriptor(
/home/kajetan/Documents/inzynierka_kod_zrodlowy/.venv/lib/python3.12/site-packages/s2clientprotocol/common_pb2.py:76: DeprecationWarning: Call to deprecated create function FieldDescriptor(). Note: Create unlinked descriptors is going to go away. Please use get/find descriptors from generated code or query the descriptor_pool.
  _descriptor.FieldDescriptor(
/home/kajetan/Documents/inzynierka_kod_zrodlowy/.venv/lib/python3.12/site-packages/s2clientprotocol/common_pb2.py:69: DeprecationWarning: Call to deprecated create function Descriptor(). Note: Create unlinked descriptors is going to go away. Please use get/find descriptors from generated code or query the descriptor_pool.
  _AVAILABLEABILITY = _descriptor.Descriptor(
/home/kajetan/Documents/inzynierka_kod_zrodlowy/.venv/lib/python3.12/site-packages/s2clientprotocol/data_pb2.py:20: DeprecationWarning: Call to deprecated create function FileDescriptor(). Note: Create unlinked descriptors is going to go away. Please use get/find descriptors from generated code or query the descriptor_pool.
  DESCRIPTOR = _descriptor.FileDescriptor(
/home/kajetan/Documents/inzynierka_kod_zrodlowy/.venv/lib/python3.12/site-packages/s2clientprotocol/data_pb2.py:34: DeprecationWarning: Call to deprecated create function EnumValueDescriptor(). Note: Create unlinked descriptors is going to go away. Please use get/find descriptors from generated code or query the descriptor_pool.
  _descriptor.EnumValueDescriptor(
/home/kajetan/Documents/inzynierka_kod_zrodlowy/.venv/lib/python3.12/site-packages/s2clientprotocol/data_pb2.py:28: DeprecationWarning: Call to deprecated create function EnumDescriptor(). Note: Create unlinked descriptors is going to go away. Please use get/find descriptors from generated code or query the descriptor_pool.
  _ATTRIBUTE = _descriptor.EnumDescriptor(
/home/kajetan/Documents/inzynierka_kod_zrodlowy/.venv/lib/python3.12/site-packages/s2clientprotocol/data_pb2.py:168: DeprecationWarning: Call to deprecated create function FieldDescriptor(). Note: Create unlinked descriptors is going to go away. Please use get/find descriptors from generated code or query the descriptor_pool.
  _descriptor.FieldDescriptor(
/home/kajetan/Documents/inzynierka_kod_zrodlowy/.venv/lib/python3.12/site-packages/s2clientprotocol/data_pb2.py:161: DeprecationWarning: Call to deprecated create function Descriptor(). Note: Create unlinked descriptors is going to go away. Please use get/find descriptors from generated code or query the descriptor_pool.
  _ABILITYDATA = _descriptor.Descriptor(
[2026-05-22 11:00:38,260][absl][INFO] - Launching SC2: /home/kajetan/StarCraftII/Versions/Base75689/SC2_x64 -listen 127.0.0.1 -port 60813 -dataDir /home/kajetan/StarCraftII/ -tempDir /tmp/sc-0jxtxra_/
[2026-05-22 11:00:38,261][absl][INFO] - Connecting to: ws://127.0.0.1:60813/sc2api, attempt: 0, running: True
Version: B75689 (SC2.4.10)
Build: Aug 12 2019 17:16:57
Command Line: '"/home/kajetan/StarCraftII/Versions/Base75689/SC2_x64" -listen 127.0.0.1 -port 60813 -dataDir /home/kajetan/StarCraftII/ -tempDir /tmp/sc-0jxtxra_/'
Starting up...
Startup Phase 1 complete
[2026-05-22 11:00:39,266][absl][INFO] - Connecting to: ws://127.0.0.1:60813/sc2api, attempt: 1, running: True
Startup Phase 2 complete
Creating stub renderer...
Listening on: 127.0.0.1:60813
Startup Phase 3 complete. Ready for commands.
[2026-05-22 11:00:40,268][absl][INFO] - Connecting to: ws://127.0.0.1:60813/sc2api, attempt: 2, running: True
ConnectHandler: Request from 127.0.0.1:60978 accepted
ReadyHandler: 127.0.0.1:60978 ready
Requesting to join a single player game
Configuring interface options
Configure: raw interface enabled
Configure: feature layer interface disabled
Configure: score interface disabled
Configure: render interface disabled
Launching next game.
Next launch phase started: 2
Next launch phase started: 3
Next launch phase started: 4
Next launch phase started: 5
Next launch phase started: 6
Next launch phase started: 7
Next launch phase started: 8
Game has started.
Using default stable ids, none found at: /home/kajetan/StarCraftII/stableid.json
Successfully loaded stable ids: GameData\stableid.json
Sending ResponseJoinGame
[2026-05-22 11:00:45,125][faiss.loader][INFO] - Loading faiss with AVX2 support.
<frozen importlib._bootstrap>:488: DeprecationWarning: builtin type SwigPyPacked has no __module__ attribute
<frozen importlib._bootstrap>:488: DeprecationWarning: builtin type SwigPyObject has no __module__ attribute
<frozen importlib._bootstrap>:488: DeprecationWarning: builtin type swigvarlink has no __module__ attribute
[2026-05-22 11:00:45,194][faiss.loader][INFO] - Successfully loaded faiss with AVX2 support.
[2026-05-22 11:00:46,348][absl][INFO] - Launching SC2: /home/kajetan/StarCraftII/Versions/Base75689/SC2_x64 -listen 127.0.0.1 -port 60815 -dataDir /home/kajetan/StarCraftII/ -tempDir /tmp/sc-v8wtpt4n/
[2026-05-22 11:00:46,349][absl][INFO] - Connecting to: ws://127.0.0.1:60815/sc2api, attempt: 0, running: True
Version: B75689 (SC2.4.10)
Build: Aug 12 2019 17:16:57
Command Line: '"/home/kajetan/StarCraftII/Versions/Base75689/SC2_x64" -listen 127.0.0.1 -port 60815 -dataDir /home/kajetan/StarCraftII/ -tempDir /tmp/sc-v8wtpt4n/'
Starting up...
Startup Phase 1 complete
[2026-05-22 11:00:47,351][absl][INFO] - Connecting to: ws://127.0.0.1:60815/sc2api, attempt: 1, running: True
Startup Phase 2 complete
Creating stub renderer...
Listening on: 127.0.0.1:60815
Startup Phase 3 complete. Ready for commands.
[2026-05-22 11:00:48,352][absl][INFO] - Connecting to: ws://127.0.0.1:60815/sc2api, attempt: 2, running: True
ConnectHandler: Request from 127.0.0.1:60764 accepted
ReadyHandler: 127.0.0.1:60764 ready
Requesting to join a single player game
Configuring interface options
Configure: raw interface enabled
Configure: feature layer interface disabled
Configure: score interface disabled
Configure: render interface disabled
Launching next game.
Next launch phase started: 2
Next launch phase started: 3
Next launch phase started: 4
Next launch phase started: 5
Next launch phase started: 6
Next launch phase started: 7
Next launch phase started: 8
Game has started.
Using default stable ids, none found at: /home/kajetan/StarCraftII/stableid.json
Successfully loaded stable ids: GameData\stableid.json
Sending ResponseJoinGame
RequestQuit command received.
Closing Application...
DataHandler: unable to parse websocket frame.
CloseHandler: 127.0.0.1:60764 disconnected
ResponseThread: No connection, dropping the response.
[2026-05-22 11:00:52,515][absl][INFO] - Shutdown gracefully.
[2026-05-22 11:00:52,515][absl][INFO] - Shutdown with return code: -15
[2026-05-22 11:00:52,629][absl][INFO] - Launching SC2: /home/kajetan/StarCraftII/Versions/Base75689/SC2_x64 -listen 127.0.0.1 -port 60741 -dataDir /home/kajetan/StarCraftII/ -tempDir /tmp/sc-hpq1n5r9/
[2026-05-22 11:00:52,630][absl][INFO] - Connecting to: ws://127.0.0.1:60741/sc2api, attempt: 0, running: True
Version: B75689 (SC2.4.10)
Build: Aug 12 2019 17:16:57
Command Line: '"/home/kajetan/StarCraftII/Versions/Base75689/SC2_x64" -listen 127.0.0.1 -port 60741 -dataDir /home/kajetan/StarCraftII/ -tempDir /tmp/sc-hpq1n5r9/'
Starting up...
Startup Phase 1 complete
[2026-05-22 11:00:53,631][absl][INFO] - Connecting to: ws://127.0.0.1:60741/sc2api, attempt: 1, running: True
[2026-05-22 11:00:54,635][absl][INFO] - Connecting to: ws://127.0.0.1:60741/sc2api, attempt: 2, running: True
Startup Phase 2 complete
Creating stub renderer...
[2026-05-22 11:00:55,637][absl][INFO] - Connecting to: ws://127.0.0.1:60741/sc2api, attempt: 3, running: True
Listening on: 127.0.0.1:60741
Startup Phase 3 complete. Ready for commands.
[2026-05-22 11:00:56,641][absl][INFO] - Connecting to: ws://127.0.0.1:60741/sc2api, attempt: 4, running: True
ConnectHandler: Request from 127.0.0.1:60884 accepted
ReadyHandler: 127.0.0.1:60884 ready
Requesting to join a single player game
Configuring interface options
Configure: raw interface enabled
Configure: feature layer interface disabled
Configure: score interface disabled
Configure: render interface disabled
Launching next game.
Next launch phase started: 2
Next launch phase started: 3
Next launch phase started: 4
Next launch phase started: 5
Next launch phase started: 6
Next launch phase started: 7
Next launch phase started: 8
Game has started.
Using default stable ids, none found at: /home/kajetan/StarCraftII/stableid.json
Successfully loaded stable ids: GameData\stableid.json
Sending ResponseJoinGame
[2026-05-22 11:01:00,723][absl][INFO] - Launching SC2: /home/kajetan/StarCraftII/Versions/Base75689/SC2_x64 -listen 127.0.0.1 -port 60701 -dataDir /home/kajetan/StarCraftII/ -tempDir /tmp/sc-c253aim3/
[2026-05-22 11:01:00,724][absl][INFO] - Connecting to: ws://127.0.0.1:60701/sc2api, attempt: 0, running: True
Version: B75689 (SC2.4.10)
Build: Aug 12 2019 17:16:57
Command Line: '"/home/kajetan/StarCraftII/Versions/Base75689/SC2_x64" -listen 127.0.0.1 -port 60701 -dataDir /home/kajetan/StarCraftII/ -tempDir /tmp/sc-c253aim3/'
Starting up...
Startup Phase 1 complete
[2026-05-22 11:01:01,725][absl][INFO] - Connecting to: ws://127.0.0.1:60701/sc2api, attempt: 1, running: True
Startup Phase 2 complete
Creating stub renderer...
Listening on: 127.0.0.1:60701
Startup Phase 3 complete. Ready for commands.
[2026-05-22 11:01:02,727][absl][INFO] - Connecting to: ws://127.0.0.1:60701/sc2api, attempt: 2, running: True
ConnectHandler: Request from 127.0.0.1:60854 accepted
ReadyHandler: 127.0.0.1:60854 ready
Requesting to join a single player game
Configuring interface options
Configure: raw interface enabled
Configure: feature layer interface disabled
Configure: score interface disabled
Configure: render interface disabled
Launching next game.
Next launch phase started: 2
Next launch phase started: 3
Next launch phase started: 4
Next launch phase started: 5
Next launch phase started: 6
Next launch phase started: 7
Next launch phase started: 8
Game has started.
Using default stable ids, none found at: /home/kajetan/StarCraftII/stableid.json
Successfully loaded stable ids: GameData\stableid.json
Sending ResponseJoinGame
[2026-05-22 11:01:06,758][absl][INFO] - Launching SC2: /home/kajetan/StarCraftII/Versions/Base75689/SC2_x64 -listen 127.0.0.1 -port 60773 -dataDir /home/kajetan/StarCraftII/ -tempDir /tmp/sc-j4fn89aa/
[2026-05-22 11:01:06,758][absl][INFO] - Connecting to: ws://127.0.0.1:60773/sc2api, attempt: 0, running: True
Version: B75689 (SC2.4.10)
Build: Aug 12 2019 17:16:57
Command Line: '"/home/kajetan/StarCraftII/Versions/Base75689/SC2_x64" -listen 127.0.0.1 -port 60773 -dataDir /home/kajetan/StarCraftII/ -tempDir /tmp/sc-j4fn89aa/'
Starting up...
Startup Phase 1 complete
[2026-05-22 11:01:07,760][absl][INFO] - Connecting to: ws://127.0.0.1:60773/sc2api, attempt: 1, running: True
Startup Phase 2 complete
Creating stub renderer...
Listening on: 127.0.0.1:60773
Startup Phase 3 complete. Ready for commands.
[2026-05-22 11:01:08,761][absl][INFO] - Connecting to: ws://127.0.0.1:60773/sc2api, attempt: 2, running: True
ConnectHandler: Request from 127.0.0.1:60784 accepted
ReadyHandler: 127.0.0.1:60784 ready
Requesting to join a single player game
Configuring interface options
Configure: raw interface enabled
Configure: feature layer interface disabled
Configure: score interface disabled
Configure: render interface disabled
Launching next game.
Next launch phase started: 2
Next launch phase started: 3
Next launch phase started: 4
Next launch phase started: 5
Next launch phase started: 6
Next launch phase started: 7
Next launch phase started: 8
Game has started.
Using default stable ids, none found at: /home/kajetan/StarCraftII/stableid.json
Successfully loaded stable ids: GameData\stableid.json
Sending ResponseJoinGame
[2026-05-22 11:01:12,706][absl][INFO] - Launching SC2: /home/kajetan/StarCraftII/Versions/Base75689/SC2_x64 -listen 127.0.0.1 -port 60831 -dataDir /home/kajetan/StarCraftII/ -tempDir /tmp/sc-ch5eq2bk/
[2026-05-22 11:01:12,707][absl][INFO] - Connecting to: ws://127.0.0.1:60831/sc2api, attempt: 0, running: True
Version: B75689 (SC2.4.10)
Build: Aug 12 2019 17:16:57
Command Line: '"/home/kajetan/StarCraftII/Versions/Base75689/SC2_x64" -listen 127.0.0.1 -port 60831 -dataDir /home/kajetan/StarCraftII/ -tempDir /tmp/sc-ch5eq2bk/'
Starting up...
Startup Phase 1 complete
[2026-05-22 11:01:13,708][absl][INFO] - Connecting to: ws://127.0.0.1:60831/sc2api, attempt: 1, running: True
Startup Phase 2 complete
Creating stub renderer...
Listening on: 127.0.0.1:60831
Startup Phase 3 complete. Ready for commands.
[2026-05-22 11:01:14,709][absl][INFO] - Connecting to: ws://127.0.0.1:60831/sc2api, attempt: 2, running: True
ConnectHandler: Request from 127.0.0.1:60710 accepted
ReadyHandler: 127.0.0.1:60710 ready
Requesting to join a single player game
Configuring interface options
Configure: raw interface enabled
Configure: feature layer interface disabled
Configure: score interface disabled
Configure: render interface disabled
Launching next game.
Next launch phase started: 2
Next launch phase started: 3
Next launch phase started: 4
Next launch phase started: 5
Next launch phase started: 6
Next launch phase started: 7
Next launch phase started: 8
Game has started.
Using default stable ids, none found at: /home/kajetan/StarCraftII/stableid.json
Successfully loaded stable ids: GameData\stableid.json
Sending ResponseJoinGame
[2026-05-22 11:01:18,885][absl][INFO] - Launching SC2: /home/kajetan/StarCraftII/Versions/Base75689/SC2_x64 -listen 127.0.0.1 -port 60787 -dataDir /home/kajetan/StarCraftII/ -tempDir /tmp/sc-ge7syp3w/
[2026-05-22 11:01:18,886][absl][INFO] - Connecting to: ws://127.0.0.1:60787/sc2api, attempt: 0, running: True
Version: B75689 (SC2.4.10)
Build: Aug 12 2019 17:16:57
Command Line: '"/home/kajetan/StarCraftII/Versions/Base75689/SC2_x64" -listen 127.0.0.1 -port 60787 -dataDir /home/kajetan/StarCraftII/ -tempDir /tmp/sc-ge7syp3w/'
Starting up...
Startup Phase 1 complete
[2026-05-22 11:01:19,887][absl][INFO] - Connecting to: ws://127.0.0.1:60787/sc2api, attempt: 1, running: True
Startup Phase 2 complete
Creating stub renderer...
Listening on: 127.0.0.1:60787
Startup Phase 3 complete. Ready for commands.
[2026-05-22 11:01:20,888][absl][INFO] - Connecting to: ws://127.0.0.1:60787/sc2api, attempt: 2, running: True
ConnectHandler: Request from 127.0.0.1:60962 accepted
ReadyHandler: 127.0.0.1:60962 ready
RequestQuit command received.
Closing Application...
DataHandler: unable to parse websocket frame.
CloseHandler: 127.0.0.1:60884 disconnected
[2026-05-22 11:01:20,995][absl][INFO] - Shutdown gracefully.
[2026-05-22 11:01:20,996][absl][INFO] - Shutdown with return code: -15
Requesting to join a single player game
Configuring interface options
Configure: raw interface enabled
Configure: feature layer interface disabled
Configure: score interface disabled
Configure: render interface disabled
Launching next game.
Next launch phase started: 2
Next launch phase started: 3
Next launch phase started: 4
Next launch phase started: 5
Next launch phase started: 6
Next launch phase started: 7
Next launch phase started: 8
Game has started.
Using default stable ids, none found at: /home/kajetan/StarCraftII/stableid.json
Successfully loaded stable ids: GameData\stableid.json
Sending ResponseJoinGame
/home/kajetan/Documents/inzynierka_kod_zrodlowy/.venv/lib/python3.12/site-packages/torchrl/envs/libs/smacv2.py:329: UserWarning: Creating a tensor from a list of numpy.ndarrays is extremely slow. Please consider converting the list to a single numpy.ndarray with numpy.array() before converting to a tensor. (Triggered internally at ../torch/csrc/utils/tensor_new.cpp:278.)
  return torch.tensor(value, device=self.device, dtype=torch.float32)
[2026-05-22 11:01:24,827][absl][INFO] - Launching SC2: /home/kajetan/StarCraftII/Versions/Base75689/SC2_x64 -listen 127.0.0.1 -port 60767 -dataDir /home/kajetan/StarCraftII/ -tempDir /tmp/sc-6aesrsj6/
[2026-05-22 11:01:24,827][absl][INFO] - Connecting to: ws://127.0.0.1:60767/sc2api, attempt: 0, running: True
Version: B75689 (SC2.4.10)
Build: Aug 12 2019 17:16:57
Command Line: '"/home/kajetan/StarCraftII/Versions/Base75689/SC2_x64" -listen 127.0.0.1 -port 60767 -dataDir /home/kajetan/StarCraftII/ -tempDir /tmp/sc-6aesrsj6/'
Starting up...
Startup Phase 1 complete
[2026-05-22 11:01:25,829][absl][INFO] - Connecting to: ws://127.0.0.1:60767/sc2api, attempt: 1, running: True
Startup Phase 2 complete
Creating stub renderer...
Listening on: 127.0.0.1:60767
Startup Phase 3 complete. Ready for commands.
[2026-05-22 11:01:26,833][absl][INFO] - Connecting to: ws://127.0.0.1:60767/sc2api, attempt: 2, running: True
ConnectHandler: Request from 127.0.0.1:60992 accepted
ReadyHandler: 127.0.0.1:60992 ready
RequestQuit command received.
Closing Application...
DataHandler: unable to parse websocket frame.
CloseHandler: 127.0.0.1:60854 disconnected
[2026-05-22 11:01:26,940][absl][INFO] - Shutdown gracefully.
[2026-05-22 11:01:26,940][absl][INFO] - Shutdown with return code: -15
Requesting to join a single player game
Configuring interface options
Configure: raw interface enabled
Configure: feature layer interface disabled
Configure: score interface disabled
Configure: render interface disabled
Launching next game.
Next launch phase started: 2
Next launch phase started: 3
Next launch phase started: 4
Next launch phase started: 5
Next launch phase started: 6
Next launch phase started: 7
Next launch phase started: 8
Game has started.
Using default stable ids, none found at: /home/kajetan/StarCraftII/stableid.json
Successfully loaded stable ids: GameData\stableid.json
Sending ResponseJoinGame
[2026-05-22 11:01:30,811][absl][INFO] - Launching SC2: /home/kajetan/StarCraftII/Versions/Base75689/SC2_x64 -listen 127.0.0.1 -port 60799 -dataDir /home/kajetan/StarCraftII/ -tempDir /tmp/sc-q4w4td8v/
[2026-05-22 11:01:30,813][absl][INFO] - Connecting to: ws://127.0.0.1:60799/sc2api, attempt: 0, running: True
Version: B75689 (SC2.4.10)
Build: Aug 12 2019 17:16:57
Command Line: '"/home/kajetan/StarCraftII/Versions/Base75689/SC2_x64" -listen 127.0.0.1 -port 60799 -dataDir /home/kajetan/StarCraftII/ -tempDir /tmp/sc-q4w4td8v/'
Starting up...
Startup Phase 1 complete
[2026-05-22 11:01:31,816][absl][INFO] - Connecting to: ws://127.0.0.1:60799/sc2api, attempt: 1, running: True
Startup Phase 2 complete
Creating stub renderer...
Listening on: 127.0.0.1:60799
Startup Phase 3 complete. Ready for commands.
[2026-05-22 11:01:32,819][absl][INFO] - Connecting to: ws://127.0.0.1:60799/sc2api, attempt: 2, running: True
ConnectHandler: Request from 127.0.0.1:60848 accepted
ReadyHandler: 127.0.0.1:60848 ready
RequestQuit command received.
Closing Application...
DataHandler: unable to parse websocket frame.
CloseHandler: 127.0.0.1:60784 disconnected
ResponseThread: No connection, dropping the response.
[2026-05-22 11:01:32,931][absl][INFO] - Shutdown gracefully.
[2026-05-22 11:01:32,932][absl][INFO] - Shutdown with return code: -15
Requesting to join a single player game
Configuring interface options
Configure: raw interface enabled
Configure: feature layer interface disabled
Configure: score interface disabled
Configure: render interface disabled
Launching next game.
Next launch phase started: 2
Next launch phase started: 3
Next launch phase started: 4
Next launch phase started: 5
Next launch phase started: 6
Next launch phase started: 7
Next launch phase started: 8
Game has started.
Using default stable ids, none found at: /home/kajetan/StarCraftII/stableid.json
Successfully loaded stable ids: GameData\stableid.json
Sending ResponseJoinGame
[2026-05-22 11:01:36,801][absl][INFO] - Launching SC2: /home/kajetan/StarCraftII/Versions/Base75689/SC2_x64 -listen 127.0.0.1 -port 60843 -dataDir /home/kajetan/StarCraftII/ -tempDir /tmp/sc-s8f9tno8/
[2026-05-22 11:01:36,802][absl][INFO] - Connecting to: ws://127.0.0.1:60843/sc2api, attempt: 0, running: True
Version: B75689 (SC2.4.10)
Build: Aug 12 2019 17:16:57
Command Line: '"/home/kajetan/StarCraftII/Versions/Base75689/SC2_x64" -listen 127.0.0.1 -port 60843 -dataDir /home/kajetan/StarCraftII/ -tempDir /tmp/sc-s8f9tno8/'
Starting up...
Startup Phase 1 complete
[2026-05-22 11:01:37,802][absl][INFO] - Connecting to: ws://127.0.0.1:60843/sc2api, attempt: 1, running: True
Startup Phase 2 complete
Creating stub renderer...
Listening on: 127.0.0.1:60843
Startup Phase 3 complete. Ready for commands.
[2026-05-22 11:01:38,804][absl][INFO] - Connecting to: ws://127.0.0.1:60843/sc2api, attempt: 2, running: True
ConnectHandler: Request from 127.0.0.1:60848 accepted
ReadyHandler: 127.0.0.1:60848 ready
RequestQuit command received.
DataHandler: unable to parse websocket frame.
CloseHandler: 127.0.0.1:60710 disconnected
Closing Application...
ResponseThread: No connection, dropping the response.
[2026-05-22 11:01:38,916][absl][INFO] - Shutdown gracefully.
[2026-05-22 11:01:38,916][absl][INFO] - Shutdown with return code: -15
Requesting to join a single player game
Configuring interface options
Configure: raw interface enabled
Configure: feature layer interface disabled
Configure: score interface disabled
Configure: render interface disabled
Launching next game.
Next launch phase started: 2
Next launch phase started: 3
Next launch phase started: 4
Next launch phase started: 5
Next launch phase started: 6
Next launch phase started: 7
Next launch phase started: 8
Game has started.
Using default stable ids, none found at: /home/kajetan/StarCraftII/stableid.json
Successfully loaded stable ids: GameData\stableid.json
Sending ResponseJoinGame
wandb: [wandb.login()] Loaded credentials for https://api.wandb.ai from /home/kajetan/.netrc.
wandb: Currently logged in as: frackowiak (frackowiak_kajetan) to https://api.wandb.ai. Use `wandb login --relogin` to force relogin
/home/kajetan/Documents/inzynierka_kod_zrodlowy/.venv/lib/python3.12/site-packages/wandb/analytics/sentry.py:268: DeprecationWarning: Read the `app_url` setting from the appropriate Settings object.
  app_url = wandb.util.app_url(tags["base_url"])  # type: ignore[index]
/home/kajetan/Documents/inzynierka_kod_zrodlowy/.venv/lib/python3.12/site-packages/wandb/analytics/sentry.py:268: DeprecationWarning: Read the `app_url` setting from the appropriate Settings object.
  app_url = wandb.util.app_url(tags["base_url"])  # type: ignore[index]
/home/kajetan/Documents/inzynierka_kod_zrodlowy/.venv/lib/python3.12/site-packages/wandb/analytics/sentry.py:279: DeprecationWarning: The `Scope.user` setter is deprecated in favor of `Scope.set_user()`.
  self.scope.user = {"email": email}
wandb: setting up run qmix_smacv2_protoss_5_vs_5_demir_scale0p05_encoder_idm_beta1_0p0_beta2_1p0_seed100_26_05_22-11_00_37
/home/kajetan/Documents/inzynierka_kod_zrodlowy/.venv/lib/python3.12/site-packages/wandb/analytics/sentry.py:268: DeprecationWarning: Read the `app_url` setting from the appropriate Settings object.
  app_url = wandb.util.app_url(tags["base_url"])  # type: ignore[index]
/home/kajetan/Documents/inzynierka_kod_zrodlowy/.venv/lib/python3.12/site-packages/wandb/analytics/sentry.py:279: DeprecationWarning: The `Scope.user` setter is deprecated in favor of `Scope.set_user()`.
  self.scope.user = {"email": email}
wandb: Tracking run with wandb version 0.25.0
wandb: Run data is saved locally in /home/kajetan/Documents/inzynierka_kod_zrodlowy/outputs/2026-05-22/11-00-37/qmix_smacv2_protoss_5_vs_5_demir_scale0p05_encoder_idm_beta1_0p0_beta2_1p0_seed100_26_05_22-11_00_37/wandb/run-20260522_110143-qmix_smacv2_protoss_5_vs_5_demir_scale0p05_encoder_idm_beta1_0p0_beta2_1p0_seed100_26_05_22-11_00_37
wandb: Run `wandb offline` to turn off syncing.
wandb: Syncing run qmix_smacv2_protoss_5_vs_5_demir_scale0p05_encoder_idm_beta1_0p0_beta2_1p0_seed100_26_05_22-11_00_37
wandb: ⭐️ View project at https://wandb.ai/frackowiak_kajetan/kod_zrodlowy_demir
wandb: 🚀 View run at https://wandb.ai/frackowiak_kajetan/kod_zrodlowy_demir/runs/qmix_smacv2_protoss_5_vs_5_demir_scale0p05_encoder_idm_beta1_0p0_beta2_1p0_seed100_26_05_22-11_00_37
  0%|                                                                                         | 0/5025 [00:00<?, ?it/s]/home/kajetan/Documents/inzynierka_kod_zrodlowy/.venv/lib/python3.12/site-packages/google/protobuf/internal/well_known_types.py:195: DeprecationWarning: datetime.datetime.utcnow() is deprecated and scheduled for removal in a future version. Use timezone-aware objects to represent datetimes in UTC: datetime.datetime.now(datetime.UTC).
  self.FromDatetime(datetime.datetime.utcnow())
[iter    0 | frames     2,000 / 10,050,000] mean_return=3.0662
