<frozen importlib._bootstrap>:488: DeprecationWarning: builtin type SwigPyPacked has no __module__ attribute
<frozen importlib._bootstrap>:488: DeprecationWarning: builtin type SwigPyObject has no __module__ attribute
<frozen importlib._bootstrap>:488: DeprecationWarning: builtin type swigvarlink has no __module__ attribute
wandb: [wandb.login()] Loaded credentials for https://api.wandb.ai from /home/kajetan/.netrc.
wandb: Currently logged in as: frackowiak (frackowiak_kajetan) to https://api.wandb.ai. Use `wandb login --relogin` to force relogin
/home/kajetan/Documents/inzynierka_kod_zrodlowy/.venv/lib/python3.12/site-packages/wandb/analytics/sentry.py:268: DeprecationWarning: Read the `app_url` setting from the appropriate Settings object.
  app_url = wandb.util.app_url(tags["base_url"])  # type: ignore[index]
/home/kajetan/Documents/inzynierka_kod_zrodlowy/.venv/lib/python3.12/site-packages/wandb/analytics/sentry.py:268: DeprecationWarning: Read the `app_url` setting from the appropriate Settings object.
  app_url = wandb.util.app_url(tags["base_url"])  # type: ignore[index]
/home/kajetan/Documents/inzynierka_kod_zrodlowy/.venv/lib/python3.12/site-packages/wandb/analytics/sentry.py:279: DeprecationWarning: The `Scope.user` setter is deprecated in favor of `Scope.set_user()`.
  self.scope.user = {"email": email}
wandb: setting up run 5wjxh0vg
/home/kajetan/Documents/inzynierka_kod_zrodlowy/.venv/lib/python3.12/site-packages/wandb/analytics/sentry.py:268: DeprecationWarning: Read the `app_url` setting from the appropriate Settings object.
  app_url = wandb.util.app_url(tags["base_url"])  # type: ignore[index]
/home/kajetan/Documents/inzynierka_kod_zrodlowy/.venv/lib/python3.12/site-packages/wandb/analytics/sentry.py:279: DeprecationWarning: The `Scope.user` setter is deprecated in favor of `Scope.set_user()`.
  self.scope.user = {"email": email}
wandb: Tracking run with wandb version 0.25.0
wandb: Run data is saved locally in logs_thesis/minigrid/wandb/run-20260522_114950-5wjxh0vg
wandb: Run `wandb offline` to turn off syncing.
wandb: Syncing run r2d2_demir_BabyAI_KeyCorridorS4R3_v0_seed100_26_05_22-11_49_50
wandb: ⭐️ View project at https://wandb.ai/frackowiak_kajetan/kod_zrodlowy_demir
wandb: 🚀 View run at https://wandb.ai/frackowiak_kajetan/kod_zrodlowy_demir/runs/5wjxh0vg
========================================================================/home/kajetan/Documents/inzynierka_kod_zrodlowy/.venv/lib/python3.12/site-packages/google/protobuf/internal/well_known_types.py:195: DeprecationWarning: datetime.datetime.utcnow() is deprecated and scheduled for removal in a future version. Use timezone-aware objects to represent datetimes in UTC: datetime.datetime.now(datetime.UTC).
  self.FromDatetime(datetime.datetime.utcnow())

Run: r2d2_demir_BabyAI_KeyCorridorS4R3_v0_seed100_26_05_22-11_49_50
Variant: r2d2_demir | Intrinsic kind: demir | Scale: 0.05
Env: BabyAI-KeyCorridorS4R3-v0 | Device: cuda | Threads: 4
========================================================================
[train] 00:24<33:20:07, 0.012s/step step=    2000 episodes=    4 eps=0.998 replay=  1664 loss=nan ext100=0.000 total100=0.021
[train] 00:48<33:50:17, 0.012s/step step=    4000 episodes=    8 eps=0.996 replay=  3328 loss=nan ext100=0.000 total100=0.027
[train] 01:13<33:51:10, 0.012s/step step=    6000 episodes=   12 eps=0.994 replay=  4992 loss=nan ext100=0.000 total100=0.024
[train] 01:40<34:44:52, 0.013s/step step=    8000 episodes=   16 eps=0.992 replay=  6656 loss=nan ext100=0.000 total100=0.023
[train] 02:06<35:09:16, 0.013s/step step=   10000 episodes=   20 eps=0.991 replay=  8320 loss=nan ext100=0.000 total100=0.021
[train] 02:37<36:26:05, 0.013s/step step=   12000 episodes=   25 eps=0.989 replay= 10400 loss=nan ext100=0.000 total100=0.027
[train] 03:04<36:34:05, 0.013s/step step=   14000 episodes=   29 eps=0.987 replay= 12064 loss=nan ext100=0.000 total100=0.032
[train] 03:32<36:47:53, 0.013s/step step=   16000 episodes=   33 eps=0.985 replay= 13728 loss=nan ext100=0.000 total100=0.031
[train] 03:57<36:33:36, 0.013s/step step=   18000 episodes=   37 eps=0.983 replay= 15392 loss=nan ext100=0.000 total100=0.033
[eval] step=20000 episodes=41 mean_ext_return=0.000
[train] 04:26<37:00:04, 0.013s/step step=   20000 episodes=   41 eps=0.981 replay= 17056 loss=nan ext100=0.000 total100=0.034
[train] 04:53<37:01:58, 0.013s/step step=   22000 episodes=   45 eps=0.979 replay= 18720 loss=nan ext100=0.000 total100=0.033
[train] 05:20<36:59:09, 0.013s/step step=   24000 episodes=   50 eps=0.977 replay= 20800 loss=nan ext100=0.000 total100=0.033
[train] 05:47<37:01:50, 0.013s/step step=   26000 episodes=   54 eps=0.975 replay= 22464 loss=nan ext100=0.000 total100=0.034
[train] 06:13<36:57:30, 0.013s/step step=   28000 episodes=   58 eps=0.973 replay= 24128 loss=nan ext100=0.000 total100=0.035
[train] 06:38<36:47:59, 0.013s/step step=   30000 episodes=   62 eps=0.972 replay= 25792 loss=nan ext100=0.000 total100=0.037
[train] 07:02<36:33:01, 0.013s/step step=   32000 episodes=   66 eps=0.970 replay= 27456 loss=nan ext100=0.000 total100=0.036
[train] 07:25<36:18:19, 0.013s/step step=   34000 episodes=   70 eps=0.968 replay= 29120 loss=nan ext100=0.000 total100=0.037
[train] 07:49<36:05:02, 0.013s/step step=   36000 episodes=   75 eps=0.966 replay= 31200 loss=nan ext100=0.000 total100=0.038
[train] 08:13<35:57:42, 0.013s/step step=   38000 episodes=   79 eps=0.964 replay= 32864 loss=nan ext100=0.000 total100=0.037
[eval] step=40000 episodes=83 mean_ext_return=0.000
[train] 08:41<36:05:45, 0.013s/step step=   40000 episodes=   83 eps=0.962 replay= 34528 loss=nan ext100=0.000 total100=0.038
[train] 09:05<35:55:10, 0.013s/step step=   42000 episodes=   87 eps=0.960 replay= 36192 loss=nan ext100=0.000 total100=0.038
[train] 09:30<35:52:10, 0.013s/step step=   44000 episodes=   91 eps=0.958 replay= 37856 loss=nan ext100=0.000 total100=0.038
[train] 09:56<35:52:43, 0.013s/step step=   46000 episodes=   95 eps=0.956 replay= 39520 loss=nan ext100=0.000 total100=0.038
[train] 10:21<35:46:00, 0.013s/step step=   48000 episodes=  100 eps=0.954 replay= 39936 loss=nan ext100=0.000 total100=0.038
[train] 10:45<35:39:51, 0.013s/step step=   50000 episodes=  104 eps=0.953 replay= 39936 loss=0.00103 ext100=0.000 total100=0.039
[train] 11:29<36:37:17, 0.013s/step step=   52000 episodes=  108 eps=0.951 replay= 39936 loss=0.00006 ext100=0.000 total100=0.041
[train] 12:34<38:36:39, 0.014s/step step=   54000 episodes=  112 eps=0.949 replay= 39936 loss=0.00043 ext100=0.000 total100=0.042
[train] 13:39<40:24:41, 0.015s/step step=   56000 episodes=  116 eps=0.947 replay= 39936 loss=0.00023 ext100=0.000 total100=0.043
[train] 14:39<41:53:57, 0.015s/step step=   58000 episodes=  120 eps=0.945 replay= 39936 loss=0.00008 ext100=0.000 total100=0.044
[eval] step=60000 episodes=125 mean_ext_return=0.000
[train] 15:47<43:36:21, 0.016s/step step=   60000 episodes=  125 eps=0.943 replay= 39936 loss=0.00005 ext100=0.000 total100=0.043
[train] 16:46<44:49:36, 0.016s/step step=   62000 episodes=  129 eps=0.941 replay= 39936 loss=0.00006 ext100=0.000 total100=0.042
[train] 17:49<46:08:01, 0.017s/step step=   64000 episodes=  133 eps=0.939 replay= 39936 loss=0.00007 ext100=0.000 total100=0.041
[train] 18:49<47:12:30, 0.017s/step step=   66000 episodes=  137 eps=0.937 replay= 39936 loss=0.00004 ext100=0.000 total100=0.040
[train] 19:49<48:15:04, 0.017s/step step=   68000 episodes=  141 eps=0.935 replay= 39936 loss=0.00004 ext100=0.000 total100=0.041
[train] 20:47<49:10:11, 0.018s/step step=   70000 episodes=  145 eps=0.933 replay= 39936 loss=0.00004 ext100=0.000 total100=0.042
[train] 21:48<50:06:36, 0.018s/step step=   72000 episodes=  150 eps=0.932 replay= 39936 loss=0.00003 ext100=0.000 total100=0.043
[train] 22:45<50:52:40, 0.018s/step step=   74000 episodes=  154 eps=0.930 replay= 39936 loss=0.00003 ext100=0.000 total100=0.043
[train] 23:45<51:42:43, 0.019s/step step=   76000 episodes=  158 eps=0.928 replay= 39936 loss=0.00003 ext100=0.000 total100=0.042
[train] 24:44<52:26:53, 0.019s/step step=   78000 episodes=  162 eps=0.926 replay= 39936 loss=0.00002 ext100=0.000 total100=0.041
