
Algorithm: demir, Task: smacv2/protoss_5_vs_5

Loaded config:

experiment:
  sampling_device: cpu
  train_device: cuda
  buffer_device: cpu
  share_policy_params: true
  prefer_continuous_actions: true
  collect_with_grad: false
  parallel_collection: false
  gamma: 0.99
  lr: 0.001
  adam_eps: 1.0e-06
  adam_extra_kwargs: {}
  clip_grad_norm: true
  clip_grad_val: 5.0
  soft_target_update: false
  polyak_tau: 0.005
  hard_target_update_frequency: 200
  exploration_eps_init: 1.0
  exploration_eps_end: 0.05
  exploration_anneal_frames: 100000
  max_n_iters: null
  max_n_frames: 10050000
  on_policy_collected_frames_per_batch: 6000
  on_policy_n_envs_per_worker: 10
  on_policy_n_minibatch_iters: 45
  on_policy_minibatch_size: 400
  off_policy_collected_frames_per_batch: 2000
  off_policy_n_envs_per_worker: 4
  off_policy_n_optimizer_steps: 100
  off_policy_train_batch_size: 128
  off_policy_memory_size: 5000
  off_policy_init_random_frames: 0
  off_policy_use_prioritized_replay_buffer: false
  off_policy_prb_alpha: 0.6
  off_policy_prb_beta: 0.4
  evaluation: true
  render: false
  evaluation_interval: 2000
  evaluation_episodes: 20
  evaluation_deterministic_actions: true
  evaluation_static: false
  loggers:
  - csv
  - wandb
  project_name: kod_zrodlowy_demir
  wandb_extra_kwargs: {}
  create_json: true
  save_folder: null
  restore_file: null
  restore_map_location: null
  checkpoint_interval: 60000
  checkpoint_at_end: true
  keep_checkpoints_num: 3
  exclude_buffer_from_checkpoint: false
algorithm:
  mixing_embed_dim: 32
  delay_value: true
  loss_function: l2
  td_lambda: 0.4
  use_intrinsic_rewards: true
  emb_dim_state: 64
  emb_dim_action: 16
  emb_dim_reward: 8
  alpha: 0.5
  beta1: 0.0
  beta2: 1.0
  k: 10
  sigma: 0.5
  n_efm: 10000
  n_edm: 5000
  demir_scale: 0.1
  encoder_type: idm
  rnd_scale: 0.0
  rnd_embed_dim: 64
  rnd_hidden_dim: 256
  rnd_lr: 0.0001
  ngu_scale: 0.0
  ngu_embed_dim: 64
  ngu_hidden_dim: 256
  ngu_k: 10
  ngu_L: 5.0
  ngu_epsilon: 0.001
  ngu_n_episodic: 10000
  ngu_lr: 0.0001
task:
  continuing_episode: false
  difficulty: '7'
  game_version: null
  map_name: 10gen_protoss
  move_amount: 2
  obs_all_health: true
  obs_instead_of_state: false
  obs_last_action: false
  obs_own_health: true
  obs_pathing_grid: false
  obs_terrain_height: false
  obs_timestep_number: false
  reward_death_value: 10
  reward_defeat: 0
  reward_negative_scale: 0.5
  reward_only_positive: true
  reward_scale: true
  reward_scale_rate: 20
  reward_sparse: false
  reward_win: 200
  replay_dir: ''
  replay_prefix: ''
  conic_fov: false
  use_unit_ranges: true
  min_attack_range: 2
  obs_own_pos: true
  num_fov_actions: 12
  capability_config:
    n_units: 5
    n_enemies: 5
    team_gen:
      dist_type: weighted_teams
      unit_types:
      - stalker
      - zealot
      - colossus
      weights:
      - 0.45
      - 0.45
      - 0.1
      observe: true
    start_positions:
      dist_type: surrounded_and_reflect
      p: 0.5
      map_x: 32
      map_y: 32
  state_last_action: true
  state_timestep_number: false
  step_mul: 8
  heuristic_ai: false
  debug: false
  prob_obs_enemy: 1.0
  action_mask: true
model:
  name: gru
  hidden_size: 128
  n_layers: 1
  bias: true
  dropout: 0
  compile: false
  mlp_num_cells:
  - 256
  - 256
  mlp_layer_class: torch.nn.Linear
  mlp_activation_class: torch.nn.Tanh
  mlp_activation_kwargs: null
  mlp_norm_class: null
  mlp_norm_kwargs: null
critic_model:
  name: gru
  hidden_size: 128
  n_layers: 1
  bias: true
  dropout: 0
  compile: false
  mlp_num_cells:
  - 256
  - 256
  mlp_layer_class: torch.nn.Linear
  mlp_activation_class: torch.nn.Tanh
  mlp_activation_kwargs: null
  mlp_norm_class: null
  mlp_norm_kwargs: null
seed: 100

/home/s28404/inzynierka_kod_zrodlowy/benchmarl/environments/common.py:41: UserWarning: TaskConfig python dataclass not found, task is being loaded without type checks
  warnings.warn(
/home/s28404/inzynierka_kod_zrodlowy/.venv/lib/python3.12/site-packages/google/protobuf/internal/well_known_types.py:91: DeprecationWarning: datetime.datetime.utcfromtimestamp() is deprecated and scheduled for removal in a future version. Use timezone-aware objects to represent datetimes in UTC: datetime.datetime.fromtimestamp(timestamp, datetime.UTC).
  _EPOCH_DATETIME_NAIVE = datetime.datetime.utcfromtimestamp(0)
/home/s28404/inzynierka_kod_zrodlowy/.venv/lib/python3.12/site-packages/s2clientprotocol/common_pb2.py:19: DeprecationWarning: Call to deprecated create function FileDescriptor(). Note: Create unlinked descriptors is going to go away. Please use get/find descriptors from generated code or query the descriptor_pool.
  DESCRIPTOR = _descriptor.FileDescriptor(
/home/s28404/inzynierka_kod_zrodlowy/.venv/lib/python3.12/site-packages/s2clientprotocol/common_pb2.py:32: DeprecationWarning: Call to deprecated create function EnumValueDescriptor(). Note: Create unlinked descriptors is going to go away. Please use get/find descriptors from generated code or query the descriptor_pool.
  _descriptor.EnumValueDescriptor(
/home/s28404/inzynierka_kod_zrodlowy/.venv/lib/python3.12/site-packages/s2clientprotocol/common_pb2.py:26: DeprecationWarning: Call to deprecated create function EnumDescriptor(). Note: Create unlinked descriptors is going to go away. Please use get/find descriptors from generated code or query the descriptor_pool.
  _RACE = _descriptor.EnumDescriptor(
/home/s28404/inzynierka_kod_zrodlowy/.venv/lib/python3.12/site-packages/s2clientprotocol/common_pb2.py:76: DeprecationWarning: Call to deprecated create function FieldDescriptor(). Note: Create unlinked descriptors is going to go away. Please use get/find descriptors from generated code or query the descriptor_pool.
  _descriptor.FieldDescriptor(
/home/s28404/inzynierka_kod_zrodlowy/.venv/lib/python3.12/site-packages/s2clientprotocol/common_pb2.py:69: DeprecationWarning: Call to deprecated create function Descriptor(). Note: Create unlinked descriptors is going to go away. Please use get/find descriptors from generated code or query the descriptor_pool.
  _AVAILABLEABILITY = _descriptor.Descriptor(
/home/s28404/inzynierka_kod_zrodlowy/.venv/lib/python3.12/site-packages/s2clientprotocol/data_pb2.py:20: DeprecationWarning: Call to deprecated create function FileDescriptor(). Note: Create unlinked descriptors is going to go away. Please use get/find descriptors from generated code or query the descriptor_pool.
  DESCRIPTOR = _descriptor.FileDescriptor(
/home/s28404/inzynierka_kod_zrodlowy/.venv/lib/python3.12/site-packages/s2clientprotocol/data_pb2.py:34: DeprecationWarning: Call to deprecated create function EnumValueDescriptor(). Note: Create unlinked descriptors is going to go away. Please use get/find descriptors from generated code or query the descriptor_pool.
  _descriptor.EnumValueDescriptor(
/home/s28404/inzynierka_kod_zrodlowy/.venv/lib/python3.12/site-packages/s2clientprotocol/data_pb2.py:28: DeprecationWarning: Call to deprecated create function EnumDescriptor(). Note: Create unlinked descriptors is going to go away. Please use get/find descriptors from generated code or query the descriptor_pool.
  _ATTRIBUTE = _descriptor.EnumDescriptor(
/home/s28404/inzynierka_kod_zrodlowy/.venv/lib/python3.12/site-packages/s2clientprotocol/data_pb2.py:168: DeprecationWarning: Call to deprecated create function FieldDescriptor(). Note: Create unlinked descriptors is going to go away. Please use get/find descriptors from generated code or query the descriptor_pool.
  _descriptor.FieldDescriptor(
/home/s28404/inzynierka_kod_zrodlowy/.venv/lib/python3.12/site-packages/s2clientprotocol/data_pb2.py:161: DeprecationWarning: Call to deprecated create function Descriptor(). Note: Create unlinked descriptors is going to go away. Please use get/find descriptors from generated code or query the descriptor_pool.
  _ABILITYDATA = _descriptor.Descriptor(
[2026-05-24 10:58:12,829][absl][INFO] - Launching SC2: /home/s28404/StarCraftII/Versions/Base75689/SC2_x64 -listen 127.0.0.1 -port 33107 -dataDir /home/s28404/StarCraftII/ -tempDir /tmp/sc-p_u5mjdk/
[2026-05-24 10:58:12,830][absl][INFO] - Connecting to: ws://127.0.0.1:33107/sc2api, attempt: 0, running: True
Version: B75689 (SC2.4.10)
Build: Aug 12 2019 17:16:57
Command Line: '"/home/s28404/StarCraftII/Versions/Base75689/SC2_x64" -listen 127.0.0.1 -port 33107 -dataDir /home/s28404/StarCraftII/ -tempDir /tmp/sc-p_u5mjdk/'
Starting up...
Startup Phase 1 complete
[2026-05-24 10:58:13,831][absl][INFO] - Connecting to: ws://127.0.0.1:33107/sc2api, attempt: 1, running: True
Startup Phase 2 complete
Creating stub renderer...
Listening on: 127.0.0.1:33107
Startup Phase 3 complete. Ready for commands.
[2026-05-24 10:58:14,832][absl][INFO] - Connecting to: ws://127.0.0.1:33107/sc2api, attempt: 2, running: True
ConnectHandler: Request from 127.0.0.1:40934 accepted
ReadyHandler: 127.0.0.1:40934 ready
Requesting to join a single player game
Configuring interface options
Configure: raw interface enabled
Configure: feature layer interface disabled
Configure: score interface disabled
Configure: render interface disabled
Launching next game.
Next launch phase started: 2
Next launch phase started: 3
Next launch phase started: 4
Next launch phase started: 5
Next launch phase started: 6
Next launch phase started: 7
Next launch phase started: 8
Game has started.
Using default stable ids, none found at: /home/s28404/StarCraftII/stableid.json
Successfully loaded stable ids: GameData\stableid.json
Sending ResponseJoinGame
[2026-05-24 10:58:18,728][faiss.loader][INFO] - Loading faiss with AVX2 support.
<frozen importlib._bootstrap>:488: DeprecationWarning: builtin type SwigPyPacked has no __module__ attribute
<frozen importlib._bootstrap>:488: DeprecationWarning: builtin type SwigPyObject has no __module__ attribute
<frozen importlib._bootstrap>:488: DeprecationWarning: builtin type swigvarlink has no __module__ attribute
[2026-05-24 10:58:18,744][faiss.loader][INFO] - Successfully loaded faiss with AVX2 support.
[2026-05-24 10:58:19,636][absl][INFO] - Launching SC2: /home/s28404/StarCraftII/Versions/Base75689/SC2_x64 -listen 127.0.0.1 -port 33963 -dataDir /home/s28404/StarCraftII/ -tempDir /tmp/sc-69prgsjv/
[2026-05-24 10:58:19,637][absl][INFO] - Connecting to: ws://127.0.0.1:33963/sc2api, attempt: 0, running: True
Version: B75689 (SC2.4.10)
Build: Aug 12 2019 17:16:57
Command Line: '"/home/s28404/StarCraftII/Versions/Base75689/SC2_x64" -listen 127.0.0.1 -port 33963 -dataDir /home/s28404/StarCraftII/ -tempDir /tmp/sc-69prgsjv/'
Starting up...
Startup Phase 1 complete
[2026-05-24 10:58:20,637][absl][INFO] - Connecting to: ws://127.0.0.1:33963/sc2api, attempt: 1, running: True
Startup Phase 2 complete
Creating stub renderer...
Listening on: 127.0.0.1:33963
Startup Phase 3 complete. Ready for commands.
[2026-05-24 10:58:21,638][absl][INFO] - Connecting to: ws://127.0.0.1:33963/sc2api, attempt: 2, running: True
ConnectHandler: Request from 127.0.0.1:47354 accepted
ReadyHandler: 127.0.0.1:47354 ready
Requesting to join a single player game
Configuring interface options
Configure: raw interface enabled
Configure: feature layer interface disabled
Configure: score interface disabled
Configure: render interface disabled
Launching next game.
Next launch phase started: 2
Next launch phase started: 3
Next launch phase started: 4
Next launch phase started: 5
Next launch phase started: 6
Next launch phase started: 7
Next launch phase started: 8
Game has started.
Using default stable ids, none found at: /home/s28404/StarCraftII/stableid.json
Successfully loaded stable ids: GameData\stableid.json
Sending ResponseJoinGame
RequestQuit command received.
DataHandler: unable to parse websocket frame.
Closing Application...
CloseHandler: 127.0.0.1:47354 disconnected
[2026-05-24 10:58:25,507][absl][INFO] - Shutdown gracefully.
[2026-05-24 10:58:25,507][absl][INFO] - Shutdown with return code: -15
[2026-05-24 10:58:25,524][absl][INFO] - Launching SC2: /home/s28404/StarCraftII/Versions/Base75689/SC2_x64 -listen 127.0.0.1 -port 43735 -dataDir /home/s28404/StarCraftII/ -tempDir /tmp/sc-qd3t4lal/
[2026-05-24 10:58:25,525][absl][INFO] - Connecting to: ws://127.0.0.1:43735/sc2api, attempt: 0, running: True
Version: B75689 (SC2.4.10)
Build: Aug 12 2019 17:16:57
Command Line: '"/home/s28404/StarCraftII/Versions/Base75689/SC2_x64" -listen 127.0.0.1 -port 43735 -dataDir /home/s28404/StarCraftII/ -tempDir /tmp/sc-qd3t4lal/'
Starting up...
Startup Phase 1 complete
[2026-05-24 10:58:26,526][absl][INFO] - Connecting to: ws://127.0.0.1:43735/sc2api, attempt: 1, running: True
Startup Phase 2 complete
Creating stub renderer...
Listening on: 127.0.0.1:43735
Startup Phase 3 complete. Ready for commands.
[2026-05-24 10:58:27,526][absl][INFO] - Connecting to: ws://127.0.0.1:43735/sc2api, attempt: 2, running: True
ConnectHandler: Request from 127.0.0.1:35458 accepted
ReadyHandler: 127.0.0.1:35458 ready
Requesting to join a single player game
Configuring interface options
Configure: raw interface enabled
Configure: feature layer interface disabled
Configure: score interface disabled
Configure: render interface disabled
Launching next game.
Next launch phase started: 2
Next launch phase started: 3
Next launch phase started: 4
Next launch phase started: 5
Next launch phase started: 6
Next launch phase started: 7
Next launch phase started: 8
Game has started.
Using default stable ids, none found at: /home/s28404/StarCraftII/stableid.json
Successfully loaded stable ids: GameData\stableid.json
Sending ResponseJoinGame
[2026-05-24 10:58:31,129][absl][INFO] - Launching SC2: /home/s28404/StarCraftII/Versions/Base75689/SC2_x64 -listen 127.0.0.1 -port 45701 -dataDir /home/s28404/StarCraftII/ -tempDir /tmp/sc-1lbwh21h/
[2026-05-24 10:58:31,130][absl][INFO] - Connecting to: ws://127.0.0.1:45701/sc2api, attempt: 0, running: True
Version: B75689 (SC2.4.10)
Build: Aug 12 2019 17:16:57
Command Line: '"/home/s28404/StarCraftII/Versions/Base75689/SC2_x64" -listen 127.0.0.1 -port 45701 -dataDir /home/s28404/StarCraftII/ -tempDir /tmp/sc-1lbwh21h/'
Starting up...
Startup Phase 1 complete
[2026-05-24 10:58:32,130][absl][INFO] - Connecting to: ws://127.0.0.1:45701/sc2api, attempt: 1, running: True
Startup Phase 2 complete
Creating stub renderer...
Listening on: 127.0.0.1:45701
Startup Phase 3 complete. Ready for commands.
[2026-05-24 10:58:33,131][absl][INFO] - Connecting to: ws://127.0.0.1:45701/sc2api, attempt: 2, running: True
ConnectHandler: Request from 127.0.0.1:55786 accepted
ReadyHandler: 127.0.0.1:55786 ready
Requesting to join a single player game
Configuring interface options
Configure: raw interface enabled
Configure: feature layer interface disabled
Configure: score interface disabled
Configure: render interface disabled
Launching next game.
Next launch phase started: 2
Next launch phase started: 3
Next launch phase started: 4
Next launch phase started: 5
Next launch phase started: 6
Next launch phase started: 7
Next launch phase started: 8
Game has started.
Using default stable ids, none found at: /home/s28404/StarCraftII/stableid.json
Successfully loaded stable ids: GameData\stableid.json
Sending ResponseJoinGame
[2026-05-24 10:58:37,047][absl][INFO] - Launching SC2: /home/s28404/StarCraftII/Versions/Base75689/SC2_x64 -listen 127.0.0.1 -port 36559 -dataDir /home/s28404/StarCraftII/ -tempDir /tmp/sc-zh3f59kj/
[2026-05-24 10:58:37,049][absl][INFO] - Connecting to: ws://127.0.0.1:36559/sc2api, attempt: 0, running: True
Version: B75689 (SC2.4.10)
Build: Aug 12 2019 17:16:57
Command Line: '"/home/s28404/StarCraftII/Versions/Base75689/SC2_x64" -listen 127.0.0.1 -port 36559 -dataDir /home/s28404/StarCraftII/ -tempDir /tmp/sc-zh3f59kj/'
Starting up...
Startup Phase 1 complete
[2026-05-24 10:58:38,049][absl][INFO] - Connecting to: ws://127.0.0.1:36559/sc2api, attempt: 1, running: True
Startup Phase 2 complete
Creating stub renderer...
Listening on: 127.0.0.1:36559
Startup Phase 3 complete. Ready for commands.
[2026-05-24 10:58:39,050][absl][INFO] - Connecting to: ws://127.0.0.1:36559/sc2api, attempt: 2, running: True
ConnectHandler: Request from 127.0.0.1:53078 accepted
ReadyHandler: 127.0.0.1:53078 ready
Requesting to join a single player game
Configuring interface options
Configure: raw interface enabled
Configure: feature layer interface disabled
Configure: score interface disabled
Configure: render interface disabled
Launching next game.
Next launch phase started: 2
Next launch phase started: 3
Next launch phase started: 4
Next launch phase started: 5
Next launch phase started: 6
Next launch phase started: 7
Next launch phase started: 8
Game has started.
Using default stable ids, none found at: /home/s28404/StarCraftII/stableid.json
Successfully loaded stable ids: GameData\stableid.json
Sending ResponseJoinGame
[2026-05-24 10:58:43,174][absl][INFO] - Launching SC2: /home/s28404/StarCraftII/Versions/Base75689/SC2_x64 -listen 127.0.0.1 -port 41949 -dataDir /home/s28404/StarCraftII/ -tempDir /tmp/sc-nf9w6kwt/
[2026-05-24 10:58:43,175][absl][INFO] - Connecting to: ws://127.0.0.1:41949/sc2api, attempt: 0, running: True
Version: B75689 (SC2.4.10)
Build: Aug 12 2019 17:16:57
Command Line: '"/home/s28404/StarCraftII/Versions/Base75689/SC2_x64" -listen 127.0.0.1 -port 41949 -dataDir /home/s28404/StarCraftII/ -tempDir /tmp/sc-nf9w6kwt/'
Starting up...
Startup Phase 1 complete
[2026-05-24 10:58:44,175][absl][INFO] - Connecting to: ws://127.0.0.1:41949/sc2api, attempt: 1, running: True
Startup Phase 2 complete
Creating stub renderer...
Listening on: 127.0.0.1:41949
Startup Phase 3 complete. Ready for commands.
[2026-05-24 10:58:45,176][absl][INFO] - Connecting to: ws://127.0.0.1:41949/sc2api, attempt: 2, running: True
ConnectHandler: Request from 127.0.0.1:58468 accepted
ReadyHandler: 127.0.0.1:58468 ready
Requesting to join a single player game
Configuring interface options
Configure: raw interface enabled
Configure: feature layer interface disabled
Configure: score interface disabled
Configure: render interface disabled
Launching next game.
Next launch phase started: 2
Next launch phase started: 3
Next launch phase started: 4
Next launch phase started: 5
Next launch phase started: 6
Next launch phase started: 7
Next launch phase started: 8
Game has started.
Using default stable ids, none found at: /home/s28404/StarCraftII/stableid.json
Successfully loaded stable ids: GameData\stableid.json
Sending ResponseJoinGame
[2026-05-24 10:58:49,391][absl][INFO] - Launching SC2: /home/s28404/StarCraftII/Versions/Base75689/SC2_x64 -listen 127.0.0.1 -port 45051 -dataDir /home/s28404/StarCraftII/ -tempDir /tmp/sc-pv4epw39/
[2026-05-24 10:58:49,392][absl][INFO] - Connecting to: ws://127.0.0.1:45051/sc2api, attempt: 0, running: True
Version: B75689 (SC2.4.10)
Build: Aug 12 2019 17:16:57
Command Line: '"/home/s28404/StarCraftII/Versions/Base75689/SC2_x64" -listen 127.0.0.1 -port 45051 -dataDir /home/s28404/StarCraftII/ -tempDir /tmp/sc-pv4epw39/'
Starting up...
Startup Phase 1 complete
[2026-05-24 10:58:50,392][absl][INFO] - Connecting to: ws://127.0.0.1:45051/sc2api, attempt: 1, running: True
Startup Phase 2 complete
Creating stub renderer...
Listening on: 127.0.0.1:45051
Startup Phase 3 complete. Ready for commands.
[2026-05-24 10:58:51,393][absl][INFO] - Connecting to: ws://127.0.0.1:45051/sc2api, attempt: 2, running: True
ConnectHandler: Request from 127.0.0.1:42918 accepted
ReadyHandler: 127.0.0.1:42918 ready
DataHandler: unable to parse websocket frame.
RequestQuit command received.
CloseHandler: 127.0.0.1:35458 disconnected
Closing Application...
ResponseThread: No connection, dropping the response.
[2026-05-24 10:58:51,499][absl][INFO] - Shutdown gracefully.
[2026-05-24 10:58:51,499][absl][INFO] - Shutdown with return code: -15
Requesting to join a single player game
Configuring interface options
Configure: raw interface enabled
Configure: feature layer interface disabled
Configure: score interface disabled
Configure: render interface disabled
Launching next game.
Next launch phase started: 2
Next launch phase started: 3
Next launch phase started: 4
Next launch phase started: 5
Next launch phase started: 6
Next launch phase started: 7
Next launch phase started: 8
Game has started.
Using default stable ids, none found at: /home/s28404/StarCraftII/stableid.json
Successfully loaded stable ids: GameData\stableid.json
Sending ResponseJoinGame
/home/s28404/inzynierka_kod_zrodlowy/.venv/lib/python3.12/site-packages/torchrl/envs/libs/smacv2.py:329: UserWarning: Creating a tensor from a list of numpy.ndarrays is extremely slow. Please consider converting the list to a single numpy.ndarray with numpy.array() before converting to a tensor. (Triggered internally at ../torch/csrc/utils/tensor_new.cpp:278.)
  return torch.tensor(value, device=self.device, dtype=torch.float32)
[2026-05-24 10:58:55,398][absl][INFO] - Launching SC2: /home/s28404/StarCraftII/Versions/Base75689/SC2_x64 -listen 127.0.0.1 -port 44693 -dataDir /home/s28404/StarCraftII/ -tempDir /tmp/sc-v15cuqqm/
[2026-05-24 10:58:55,399][absl][INFO] - Connecting to: ws://127.0.0.1:44693/sc2api, attempt: 0, running: True
Version: B75689 (SC2.4.10)
Build: Aug 12 2019 17:16:57
Command Line: '"/home/s28404/StarCraftII/Versions/Base75689/SC2_x64" -listen 127.0.0.1 -port 44693 -dataDir /home/s28404/StarCraftII/ -tempDir /tmp/sc-v15cuqqm/'
Starting up...
Startup Phase 1 complete
[2026-05-24 10:58:56,399][absl][INFO] - Connecting to: ws://127.0.0.1:44693/sc2api, attempt: 1, running: True
Startup Phase 2 complete
Creating stub renderer...
Listening on: 127.0.0.1:44693
Startup Phase 3 complete. Ready for commands.
[2026-05-24 10:58:57,400][absl][INFO] - Connecting to: ws://127.0.0.1:44693/sc2api, attempt: 2, running: True
ConnectHandler: Request from 127.0.0.1:39978 accepted
ReadyHandler: 127.0.0.1:39978 ready
DataHandler: unable to parse websocket frame.
RequestQuit command received.
CloseHandler: 127.0.0.1:55786 disconnected
Closing Application...
ResponseThread: No connection, dropping the response.
[2026-05-24 10:58:57,506][absl][INFO] - Shutdown gracefully.
[2026-05-24 10:58:57,506][absl][INFO] - Shutdown with return code: -15
Requesting to join a single player game
Configuring interface options
Configure: raw interface enabled
Configure: feature layer interface disabled
Configure: score interface disabled
Configure: render interface disabled
Launching next game.
Next launch phase started: 2
Next launch phase started: 3
Next launch phase started: 4
Next launch phase started: 5
Next launch phase started: 6
Next launch phase started: 7
Next launch phase started: 8
Game has started.
Using default stable ids, none found at: /home/s28404/StarCraftII/stableid.json
Successfully loaded stable ids: GameData\stableid.json
Sending ResponseJoinGame
[2026-05-24 10:59:01,390][absl][INFO] - Launching SC2: /home/s28404/StarCraftII/Versions/Base75689/SC2_x64 -listen 127.0.0.1 -port 37091 -dataDir /home/s28404/StarCraftII/ -tempDir /tmp/sc-mm4zssu5/
[2026-05-24 10:59:01,391][absl][INFO] - Connecting to: ws://127.0.0.1:37091/sc2api, attempt: 0, running: True
Version: B75689 (SC2.4.10)
Build: Aug 12 2019 17:16:57
Command Line: '"/home/s28404/StarCraftII/Versions/Base75689/SC2_x64" -listen 127.0.0.1 -port 37091 -dataDir /home/s28404/StarCraftII/ -tempDir /tmp/sc-mm4zssu5/'
Starting up...
Startup Phase 1 complete
[2026-05-24 10:59:02,392][absl][INFO] - Connecting to: ws://127.0.0.1:37091/sc2api, attempt: 1, running: True
Startup Phase 2 complete
Creating stub renderer...
Listening on: 127.0.0.1:37091
Startup Phase 3 complete. Ready for commands.
[2026-05-24 10:59:03,392][absl][INFO] - Connecting to: ws://127.0.0.1:37091/sc2api, attempt: 2, running: True
ConnectHandler: Request from 127.0.0.1:50450 accepted
ReadyHandler: 127.0.0.1:50450 ready
DataHandler: unable to parse websocket frame.
RequestQuit command received.
CloseHandler: 127.0.0.1:53078 disconnected
Closing Application...
ResponseThread: No connection, dropping the response.
[2026-05-24 10:59:03,500][absl][INFO] - Shutdown gracefully.
[2026-05-24 10:59:03,500][absl][INFO] - Shutdown with return code: -15
Requesting to join a single player game
Configuring interface options
Configure: raw interface enabled
Configure: feature layer interface disabled
Configure: score interface disabled
Configure: render interface disabled
Launching next game.
Next launch phase started: 2
Next launch phase started: 3
Next launch phase started: 4
Next launch phase started: 5
Next launch phase started: 6
Next launch phase started: 7
Next launch phase started: 8
Game has started.
Using default stable ids, none found at: /home/s28404/StarCraftII/stableid.json
Successfully loaded stable ids: GameData\stableid.json
Sending ResponseJoinGame
[2026-05-24 10:59:07,432][absl][INFO] - Launching SC2: /home/s28404/StarCraftII/Versions/Base75689/SC2_x64 -listen 127.0.0.1 -port 41595 -dataDir /home/s28404/StarCraftII/ -tempDir /tmp/sc-1dqezkdn/
[2026-05-24 10:59:07,433][absl][INFO] - Connecting to: ws://127.0.0.1:41595/sc2api, attempt: 0, running: True
Version: B75689 (SC2.4.10)
Build: Aug 12 2019 17:16:57
Command Line: '"/home/s28404/StarCraftII/Versions/Base75689/SC2_x64" -listen 127.0.0.1 -port 41595 -dataDir /home/s28404/StarCraftII/ -tempDir /tmp/sc-1dqezkdn/'
Starting up...
Startup Phase 1 complete
[2026-05-24 10:59:08,433][absl][INFO] - Connecting to: ws://127.0.0.1:41595/sc2api, attempt: 1, running: True
Startup Phase 2 complete
Creating stub renderer...
Listening on: 127.0.0.1:41595
Startup Phase 3 complete. Ready for commands.
[2026-05-24 10:59:09,434][absl][INFO] - Connecting to: ws://127.0.0.1:41595/sc2api, attempt: 2, running: True
ConnectHandler: Request from 127.0.0.1:48634 accepted
ReadyHandler: 127.0.0.1:48634 ready
RequestQuit command received.
Closing Application...
DataHandler: unable to parse websocket frame.
CloseHandler: 127.0.0.1:58468 disconnected
[2026-05-24 10:59:09,540][absl][INFO] - Shutdown gracefully.
[2026-05-24 10:59:09,540][absl][INFO] - Shutdown with return code: -15
Requesting to join a single player game
Configuring interface options
Configure: raw interface enabled
Configure: feature layer interface disabled
Configure: score interface disabled
Configure: render interface disabled
Launching next game.
Next launch phase started: 2
Next launch phase started: 3
Next launch phase started: 4
Next launch phase started: 5
Next launch phase started: 6
Next launch phase started: 7
Next launch phase started: 8
Game has started.
Using default stable ids, none found at: /home/s28404/StarCraftII/stableid.json
Successfully loaded stable ids: GameData\stableid.json
Sending ResponseJoinGame
wandb: [wandb.login()] Loaded credentials for https://api.wandb.ai from /home/s28404/.netrc.
wandb: Currently logged in as: frackowiak (frackowiak_kajetan) to https://api.wandb.ai. Use `wandb login --relogin` to force relogin
/home/s28404/inzynierka_kod_zrodlowy/.venv/lib/python3.12/site-packages/wandb/analytics/sentry.py:268: DeprecationWarning: Read the `app_url` setting from the appropriate Settings object.
  app_url = wandb.util.app_url(tags["base_url"])  # type: ignore[index]
/home/s28404/inzynierka_kod_zrodlowy/.venv/lib/python3.12/site-packages/wandb/analytics/sentry.py:268: DeprecationWarning: Read the `app_url` setting from the appropriate Settings object.
  app_url = wandb.util.app_url(tags["base_url"])  # type: ignore[index]
/home/s28404/inzynierka_kod_zrodlowy/.venv/lib/python3.12/site-packages/wandb/analytics/sentry.py:279: DeprecationWarning: The `Scope.user` setter is deprecated in favor of `Scope.set_user()`.
  self.scope.user = {"email": email}
wandb: setting up run qmix_smacv2_protoss_5_vs_5_demir_scale0p1_encoder_idm_beta1_0p0_beta2_1p0_seed100_26_05_24-10_58_12
/home/s28404/inzynierka_kod_zrodlowy/.venv/lib/python3.12/site-packages/wandb/analytics/sentry.py:268: DeprecationWarning: Read the `app_url` setting from the appropriate Settings object.
  app_url = wandb.util.app_url(tags["base_url"])  # type: ignore[index]
/home/s28404/inzynierka_kod_zrodlowy/.venv/lib/python3.12/site-packages/wandb/analytics/sentry.py:279: DeprecationWarning: The `Scope.user` setter is deprecated in favor of `Scope.set_user()`.
  self.scope.user = {"email": email}
wandb: Tracking run with wandb version 0.25.0
wandb: Run data is saved locally in /home/s28404/inzynierka_kod_zrodlowy/outputs/2026-05-24/10-58-12/qmix_smacv2_protoss_5_vs_5_demir_scale0p1_encoder_idm_beta1_0p0_beta2_1p0_seed100_26_05_24-10_58_12/wandb/run-20260524_105913-qmix_smacv2_protoss_5_vs_5_demir_scale0p1_encoder_idm_beta1_0p0_beta2_1p0_seed100_26_05_24-10_58_12
wandb: Run `wandb offline` to turn off syncing.
wandb: Syncing run qmix_smacv2_protoss_5_vs_5_demir_scale0p1_encoder_idm_beta1_0p0_beta2_1p0_seed100_26_05_24-10_58_12
wandb: ⭐️ View project at https://wandb.ai/frackowiak_kajetan/kod_zrodlowy_demir
wandb: 🚀 View run at https://wandb.ai/frackowiak_kajetan/kod_zrodlowy_demir/runs/qmix_smacv2_protoss_5_vs_5_demir_scale0p1_encoder_idm_beta1_0p0_beta2_1p0_seed100_26_05_24-10_58_12
  0%|          | 0/5025 [00:00<?, ?it/s]/home/s28404/inzynierka_kod_zrodlowy/.venv/lib/python3.12/site-packages/google/protobuf/internal/well_known_types.py:195: DeprecationWarning: datetime.datetime.utcnow() is deprecated and scheduled for removal in a future version. Use timezone-aware objects to represent datetimes in UTC: datetime.datetime.now(datetime.UTC).
  self.FromDatetime(datetime.datetime.utcnow())
[iter    0 | frames     2,000 / 10,050,000] mean_return=2.4348
[2026-05-24 11:01:02,794][absl][INFO] - Launching SC2: /home/s28404/StarCraftII/Versions/Base75689/SC2_x64 -listen 127.0.0.1 -port 38675 -dataDir /home/s28404/StarCraftII/ -tempDir /tmp/sc-2f4z140g/
[2026-05-24 11:01:02,796][absl][INFO] - Connecting to: ws://127.0.0.1:38675/sc2api, attempt: 0, running: True
Version: B75689 (SC2.4.10)
Build: Aug 12 2019 17:16:57
Command Line: '"/home/s28404/StarCraftII/Versions/Base75689/SC2_x64" -listen 127.0.0.1 -port 38675 -dataDir /home/s28404/StarCraftII/ -tempDir /tmp/sc-2f4z140g/'
Starting up...
Startup Phase 1 complete
[2026-05-24 11:01:03,798][absl][INFO] - Connecting to: ws://127.0.0.1:38675/sc2api, attempt: 1, running: True
Startup Phase 2 complete
Creating stub renderer...
Listening on: 127.0.0.1:38675
Startup Phase 3 complete. Ready for commands.
[2026-05-24 11:01:04,799][absl][INFO] - Connecting to: ws://127.0.0.1:38675/sc2api, attempt: 2, running: True
ConnectHandler: Request from 127.0.0.1:46480 accepted
ReadyHandler: 127.0.0.1:46480 ready
DataHandler: unable to parse websocket frame.
RequestQuit command received.
CloseHandler: 127.0.0.1:40934 disconnected
Closing Application...
ResponseThread: No connection, dropping the response.
[2026-05-24 11:01:04,905][absl][INFO] - Shutdown gracefully.
[2026-05-24 11:01:04,906][absl][INFO] - Shutdown with return code: -15
Requesting to join a single player game
Configuring interface options
Configure: raw interface enabled
Configure: feature layer interface disabled
Configure: score interface disabled
Configure: render interface disabled
Launching next game.
Next launch phase started: 2
Next launch phase started: 3
Next launch phase started: 4
Next launch phase started: 5
Next launch phase started: 6
Next launch phase started: 7
Next launch phase started: 8
Game has started.
Using default stable ids, none found at: /home/s28404/StarCraftII/stableid.json
Successfully loaded stable ids: GameData\stableid.json
Sending ResponseJoinGame
wandb: WARNING Symlinked 1 file into the W&B run directory; call wandb.save again to sync new files.
[THESIS_LOGGER] on_evaluation_end called! Number of rollouts: 20
mean return = 2.4347758293151855:   0%|          | 1/5025 [02:10<182:10:03, 130.53s/it][iter    1 | frames     4,000 / 10,050,000] mean_return=2.6258
[THESIS_LOGGER] on_evaluation_end called! Number of rollouts: 20
mean return = 2.6258459091186523:   0%|          | 2/5025 [05:02<216:03:32, 154.85s/it][iter    2 | frames     6,000 / 10,050,000] mean_return=2.8027
[THESIS_LOGGER] on_evaluation_end called! Number of rollouts: 20
mean return = 2.8027234077453613:   0%|          | 3/5025 [08:17<241:42:41, 173.27s/it][iter    3 | frames     8,000 / 10,050,000] mean_return=2.6915
[THESIS_LOGGER] on_evaluation_end called! Number of rollouts: 20
mean return = 2.6915335655212402:   0%|          | 4/5025 [11:27<250:49:41, 179.84s/it][iter    4 | frames    10,000 / 10,050,000] mean_return=3.0247
[THESIS_LOGGER] on_evaluation_end called! Number of rollouts: 20
mean return = 3.0246775150299072:   0%|          | 5/5025 [14:35<254:43:33, 182.67s/it][iter    5 | frames    12,000 / 10,050,000] mean_return=3.2290
[THESIS_LOGGER] on_evaluation_end called! Number of rollouts: 20
mean return = 3.2290165424346924:   0%|          | 6/5025 [17:50<260:53:31, 187.13s/it][iter    6 | frames    14,000 / 10,050,000] mean_return=3.1425
