<frozen importlib._bootstrap>:488: DeprecationWarning: builtin type SwigPyPacked has no __module__ attribute
<frozen importlib._bootstrap>:488: DeprecationWarning: builtin type SwigPyObject has no __module__ attribute
<frozen importlib._bootstrap>:488: DeprecationWarning: builtin type swigvarlink has no __module__ attribute
wandb: [wandb.login()] Loaded credentials for https://api.wandb.ai from /home/s28404/.netrc.
wandb: Currently logged in as: frackowiak (frackowiak_kajetan) to https://api.wandb.ai. Use `wandb login --relogin` to force relogin
/home/s28404/inzynierka_kod_zrodlowy/.venv/lib/python3.12/site-packages/wandb/analytics/sentry.py:268: DeprecationWarning: Read the `app_url` setting from the appropriate Settings object.
  app_url = wandb.util.app_url(tags["base_url"])  # type: ignore[index]
/home/s28404/inzynierka_kod_zrodlowy/.venv/lib/python3.12/site-packages/wandb/analytics/sentry.py:268: DeprecationWarning: Read the `app_url` setting from the appropriate Settings object.
  app_url = wandb.util.app_url(tags["base_url"])  # type: ignore[index]
/home/s28404/inzynierka_kod_zrodlowy/.venv/lib/python3.12/site-packages/wandb/analytics/sentry.py:279: DeprecationWarning: The `Scope.user` setter is deprecated in favor of `Scope.set_user()`.
  self.scope.user = {"email": email}
wandb: setting up run rw8nkrop
/home/s28404/inzynierka_kod_zrodlowy/.venv/lib/python3.12/site-packages/wandb/analytics/sentry.py:268: DeprecationWarning: Read the `app_url` setting from the appropriate Settings object.
  app_url = wandb.util.app_url(tags["base_url"])  # type: ignore[index]
/home/s28404/inzynierka_kod_zrodlowy/.venv/lib/python3.12/site-packages/wandb/analytics/sentry.py:279: DeprecationWarning: The `Scope.user` setter is deprecated in favor of `Scope.set_user()`.
  self.scope.user = {"email": email}
wandb: Tracking run with wandb version 0.25.0
wandb: Run data is saved locally in logs_thesis/minigrid/wandb/run-20260524_110206-rw8nkrop
wandb: Run `wandb offline` to turn off syncing.
wandb: Syncing run r2d2_BabyAI_UnlockPickup_v0_seed100_26_05_24-11_02_06
wandb: ⭐️ View project at https://wandb.ai/frackowiak_kajetan/kod_zrodlowy_demir
wandb: 🚀 View run at https://wandb.ai/frackowiak_kajetan/kod_zrodlowy_demir/runs/rw8nkrop
========================================================================/home/s28404/inzynierka_kod_zrodlowy/.venv/lib/python3.12/site-packages/google/protobuf/internal/well_known_types.py:195: DeprecationWarning: datetime.datetime.utcnow() is deprecated and scheduled for removal in a future version. Use timezone-aware objects to represent datetimes in UTC: datetime.datetime.now(datetime.UTC).
  self.FromDatetime(datetime.datetime.utcnow())

Run: r2d2_BabyAI_UnlockPickup_v0_seed100_26_05_24-11_02_06
Variant: r2d2 | Intrinsic kind: none | Scale: 0.0
Env: BabyAI-UnlockPickup-v0 | Device: cuda | Threads: 4
========================================================================
[train] 00:05<8:07:02, 0.003s/step step=    2000 episodes=   27 eps=0.998 replay=   216 loss=nan ext100=0.000 total100=0.000
[train] 00:11<7:58:53, 0.003s/step step=    4000 episodes=   55 eps=0.996 replay=   440 loss=nan ext100=0.000 total100=0.000
[train] 00:17<7:55:42, 0.003s/step step=    6000 episodes=   83 eps=0.994 replay=   664 loss=nan ext100=0.000 total100=0.000
[train] 00:22<7:56:50, 0.003s/step step=    8000 episodes=  111 eps=0.992 replay=   888 loss=nan ext100=0.000 total100=0.000
[train] 00:28<7:56:53, 0.003s/step step=   10000 episodes=  138 eps=0.991 replay=  1104 loss=nan ext100=0.000 total100=0.000
[train] 00:34<7:56:52, 0.003s/step step=   12000 episodes=  166 eps=0.989 replay=  1328 loss=nan ext100=0.000 total100=0.000
[train] 00:40<7:55:54, 0.003s/step step=   14000 episodes=  194 eps=0.987 replay=  1552 loss=nan ext100=0.000 total100=0.000
[train] 00:45<7:55:12, 0.003s/step step=   16000 episodes=  222 eps=0.985 replay=  1776 loss=nan ext100=0.000 total100=0.000
[train] 00:51<7:59:16, 0.003s/step step=   18000 episodes=  250 eps=0.983 replay=  2000 loss=nan ext100=0.000 total100=0.000
[eval] step=20000 episodes=277 mean_ext_return=0.000
[train] 00:59<8:14:11, 0.003s/step step=   20000 episodes=  277 eps=0.981 replay=  2216 loss=nan ext100=0.000 total100=0.000
[train] 01:04<8:10:42, 0.003s/step step=   22000 episodes=  305 eps=0.979 replay=  2440 loss=nan ext100=0.000 total100=0.000
[train] 01:11<8:12:41, 0.003s/step step=   24000 episodes=  333 eps=0.977 replay=  2664 loss=nan ext100=0.000 total100=0.000
[train] 01:16<8:07:53, 0.003s/step step=   26000 episodes=  361 eps=0.975 replay=  2888 loss=nan ext100=0.000 total100=0.000
[train] 01:21<8:01:39, 0.003s/step step=   28000 episodes=  388 eps=0.973 replay=  3104 loss=nan ext100=0.000 total100=0.000
[train] 01:26<7:57:49, 0.003s/step step=   30000 episodes=  416 eps=0.972 replay=  3328 loss=nan ext100=0.000 total100=0.000
[train] 01:31<7:56:38, 0.003s/step step=   32000 episodes=  444 eps=0.970 replay=  3552 loss=nan ext100=0.000 total100=0.000
[train] 01:36<7:50:57, 0.003s/step step=   34000 episodes=  472 eps=0.968 replay=  3776 loss=nan ext100=0.000 total100=0.000
[train] 01:40<7:45:04, 0.003s/step step=   36000 episodes=  500 eps=0.966 replay=  4000 loss=nan ext100=0.000 total100=0.000
[train] 01:45<7:41:50, 0.003s/step step=   38000 episodes=  527 eps=0.964 replay=  4216 loss=nan ext100=0.000 total100=0.000
[eval] step=40000 episodes=555 mean_ext_return=0.000
[train] 01:52<7:45:53, 0.003s/step step=   40000 episodes=  555 eps=0.962 replay=  4440 loss=nan ext100=0.000 total100=0.000
[train] 01:57<7:42:58, 0.003s/step step=   42000 episodes=  583 eps=0.960 replay=  4664 loss=nan ext100=0.000 total100=0.000
[train] 02:02<7:40:42, 0.003s/step step=   44000 episodes=  611 eps=0.958 replay=  4888 loss=nan ext100=0.000 total100=0.000
[train] 02:08<7:41:58, 0.003s/step step=   46000 episodes=  638 eps=0.956 replay=  5104 loss=nan ext100=0.000 total100=0.000
[train] 02:13<7:40:05, 0.003s/step step=   48000 episodes=  666 eps=0.954 replay=  5328 loss=nan ext100=0.000 total100=0.000
[train] 02:17<7:37:28, 0.003s/step step=   50000 episodes=  694 eps=0.953 replay=  5552 loss=0.00094 ext100=0.000 total100=0.000
[train] 02:48<8:56:26, 0.003s/step step=   52000 episodes=  722 eps=0.951 replay=  5776 loss=0.00097 ext100=0.000 total100=0.000
[train] 03:22<10:22:50, 0.004s/step step=   54000 episodes=  750 eps=0.949 replay=  6000 loss=0.00107 ext100=0.000 total100=0.000
[train] 03:57<11:44:15, 0.004s/step step=   56000 episodes=  777 eps=0.947 replay=  6216 loss=0.00040 ext100=0.000 total100=0.000
[train] 04:29<12:49:05, 0.005s/step step=   58000 episodes=  805 eps=0.945 replay=  6440 loss=0.00003 ext100=0.000 total100=0.000
[eval] step=60000 episodes=833 mean_ext_return=0.000
[train] 05:00<13:50:12, 0.005s/step step=   60000 episodes=  833 eps=0.943 replay=  6664 loss=0.00002 ext100=0.000 total100=0.000
[train] 05:30<14:42:22, 0.005s/step step=   62000 episodes=  861 eps=0.941 replay=  6888 loss=0.00002 ext100=0.000 total100=0.000
[train] 06:00<15:33:14, 0.006s/step step=   64000 episodes=  888 eps=0.939 replay=  7104 loss=0.00002 ext100=0.000 total100=0.000
[train] 06:35<16:32:08, 0.006s/step step=   66000 episodes=  916 eps=0.937 replay=  7328 loss=0.00003 ext100=0.000 total100=0.000
[train] 07:10<17:26:56, 0.006s/step step=   68000 episodes=  944 eps=0.935 replay=  7552 loss=0.00002 ext100=0.000 total100=0.000
[train] 07:41<18:11:47, 0.007s/step step=   70000 episodes=  972 eps=0.933 replay=  7776 loss=0.00002 ext100=0.000 total100=0.000
[train] 08:11<18:49:05, 0.007s/step step=   72000 episodes= 1000 eps=0.932 replay=  8000 loss=0.00002 ext100=0.000 total100=0.000
[train] 08:41<19:24:45, 0.007s/step step=   74000 episodes= 1027 eps=0.930 replay=  8216 loss=0.00001 ext100=0.000 total100=0.000
[train] 09:11<20:00:45, 0.007s/step step=   76000 episodes= 1055 eps=0.928 replay=  8440 loss=0.00001 ext100=0.000 total100=0.000
[train] 09:46<20:43:49, 0.008s/step step=   78000 episodes= 1083 eps=0.926 replay=  8664 loss=0.00001 ext100=0.000 total100=0.000
[eval] step=80000 episodes=1111 mean_ext_return=0.000
[train] 10:23<21:28:52, 0.008s/step step=   80000 episodes= 1111 eps=0.924 replay=  8888 loss=0.00001 ext100=0.000 total100=0.000
[train] 10:54<21:59:52, 0.008s/step step=   82000 episodes= 1138 eps=0.922 replay=  9104 loss=0.00000 ext100=0.000 total100=0.000
[train] 11:23<22:25:41, 0.008s/step step=   84000 episodes= 1166 eps=0.920 replay=  9328 loss=0.00000 ext100=0.000 total100=0.000
[train] 11:53<22:51:20, 0.008s/step step=   86000 episodes= 1194 eps=0.918 replay=  9552 loss=0.00000 ext100=0.000 total100=0.000
[train] 12:24<23:17:55, 0.008s/step step=   88000 episodes= 1222 eps=0.916 replay=  9776 loss=0.00000 ext100=0.000 total100=0.000
[train] 12:59<23:51:08, 0.009s/step step=   90000 episodes= 1250 eps=0.914 replay= 10000 loss=0.00000 ext100=0.000 total100=0.000
[train] 13:34<24:22:27, 0.009s/step step=   92000 episodes= 1277 eps=0.913 replay= 10216 loss=0.00000 ext100=0.000 total100=0.000
[train] 14:07<24:48:11, 0.009s/step step=   94000 episodes= 1305 eps=0.911 replay= 10440 loss=0.00000 ext100=0.000 total100=0.000
[train] 14:37<25:08:34, 0.009s/step step=   96000 episodes= 1333 eps=0.909 replay= 10664 loss=0.00000 ext100=0.000 total100=0.000
[train] 15:09<25:30:57, 0.009s/step step=   98000 episodes= 1361 eps=0.907 replay= 10888 loss=0.00000 ext100=0.000 total100=0.000
[eval] step=100000 episodes=1388 mean_ext_return=0.000
[train] 15:43<25:56:09, 0.009s/step step=  100000 episodes= 1388 eps=0.905 replay= 11104 loss=0.00000 ext100=0.000 total100=0.000
[train] 16:20<26:25:34, 0.010s/step step=  102000 episodes= 1416 eps=0.903 replay= 11328 loss=0.00000 ext100=0.000 total100=0.000
